{
	"headers": {
		"bdf": {
			"fileVersion": 3,
			"date": "1995-07-26T00:00:00.000Z",
			"recordCount": 0,
			"headerSize": 33,
			"recordSize": 1,
			"fieldDescriptors": []
		},
		"shp": {
			"fileCode": 9994,
			"fileLength": 100,
			"version": 1000,
			"shapeType": "polyLine",
			"boundingBox": {
				"xMin": 0,
				"yMin": 0,
				"xMax": 0,
				"yMax": 0,
				"zMin": 0,
				"zMax": 0,
				"mMin": 0,
				"mMax": 0
			}
		}
	},
	"items": []
}