{
	"headers": {
		"bdf": {
			"fileVersion": 3,
			"date": "1995-07-26T00:00:00.000Z",
			"recordCount": 2,
			"headerSize": 65,
			"recordSize": 12,
			"fieldDescriptors": [
				{
					"name": "FID",
					"type": "N",
					"length": 11
				}
			]
		},
		"shp": {
			"fileCode": 9994,
			"fileLength": 356,
			"version": 1000,
			"shapeType": "multiPoint",
			"boundingBox": {
				"xMin": 1,
				"yMin": 2,
				"xMax": 19,
				"yMax": 20,
				"zMin": 0,
				"zMax": 0,
				"mMin": 0,
				"mMax": 0
			}
		}
	},
	"items": [
		{
			"type": "multiPoint",
			"box": {
				"xMin": 1,
				"yMin": 2,
				"xMax": 9,
				"yMax": 10
			},
			"points": [
				{
					"x": 1,
					"y": 2
				},
				{
					"x": 3,
					"y": 4
				},
				{
					"x": 5,
					"y": 6
				},
				{
					"x": 7,
					"y": 8
				},
				{
					"x": 9,
					"y": 10
				}
			],
			"properties": {
				"FID": 0
			}
		},
		{
			"type": "multiPoint",
			"box": {
				"xMin": 11,
				"yMin": 12,
				"xMax": 19,
				"yMax": 20
			},
			"points": [
				{
					"x": 11,
					"y": 12
				},
				{
					"x": 13,
					"y": 14
				},
				{
					"x": 15,
					"y": 16
				},
				{
					"x": 17,
					"y": 18
				},
				{
					"x": 19,
					"y": 20
				}
			],
			"properties": {
				"FID": 1
			}
		}
	]
}